---
source: src/main.rs
expression: output_str
---
curl -k -X GET 'https://self-signed.example.com/api'
