---
source: src/main.rs
expression: output_str
---

