---
source: src/main.rs
expression: output_str
---
curl -X GET 'https://example.com/api/data' \
	-x 'http://proxy.example.com:8080' \
	--proxy-user 'user\'s\\name:pass\'word'
